// Jest Snapshot v1, https://goo.gl/fbAQLP

exports[`renders correctly 1`] = `
<View
  style={
    Object {
      "paddingHorizontal": 20,
      "paddingVertical": 20,
    }
  }
>
  <View
    style={
      Object {
        "display": "flex",
        "flexDirection": "row",
        "flexWrap": "wrap",
      }
    }
  >
    <Text
      accessible={true}
      allowFontScaling={true}
      disabled={false}
      ellipsizeMode="tail"
    >
      <UserNameText
        mode="feed"
        onPress={[Function]}
        style={
          Object {
            "fontSize": 15,
          }
        }
        user={
          Object {
            "name": "Ã‰douard U.",
            "slug": "edouard-u",
          }
        }
      />
      <Text
        accessible={true}
        allowFontScaling={true}
        disabled={false}
        ellipsizeMode="tail"
        style={
          Object {
            "fontSize": 15,
          }
        }
      >
         
      </Text>
      <FeedWordLink
        object={Object {}}
        onPress={[Function]}
        phrase=""
        style={
          Object {
            "fontSize": 15,
          }
        }
      />
      <Text
        accessible={true}
        allowFontScaling={true}
        disabled={false}
        ellipsizeMode="tail"
        style={
          Object {
            "fontSize": 15,
          }
        }
      >
        to
         
      </Text>
      <FeedWordLink
        object={
          Object {
            "__typename": "Channel",
            "id": 15271,
            "title": "Picture",
            "visibility": "public",
          }
        }
        onPress={[Function]}
        phrase=""
        style={
          Object {
            "fontSize": 15,
          }
        }
      />
    </Text>
  </View>
  <Text
    accessible={true}
    allowFontScaling={true}
    disabled={false}
    ellipsizeMode="tail"
    style={
      Object {
        "color": "#cbcbcb",
        "fontSize": 12,
        "paddingTop": 5,
      }
    }
  >
    19 minutes ago
  </Text>
</View>
`;
