// Jest Snapshot v1, https://goo.gl/fbAQLP

exports[`renders correctly 1`] = `
<Styled(View)>
  <Styled(Text)>
    <UserNameText
      onPress={[Function]}
      user={
        Object {
          "name": "Ã‰douard U.",
          "slug": "edouard-u",
        }
      }
    />
    <Text
      accessible={true}
      allowFontScaling={true}
      disabled={false}
      ellipsizeMode="tail"
    >
       
      connected
       
    </Text>
    <FeedWordLink
      object={
        Object {
          "__typename": "Connectable",
          "id": 1164746,
          "title": "tumblr_noj7p2hXzj1rz4sfeo1_r1_540.jpg",
        }
      }
      phrase="an image"
    />
    <Text
      accessible={true}
      allowFontScaling={true}
      disabled={false}
      ellipsizeMode="tail"
    >
       
      to
       
    </Text>
    <FeedWordLink
      object={
        Object {
          "__typename": "Channel",
          "id": 15271,
          "title": "Picture",
          "visibility": "public",
        }
      }
      phrase="Picture"
      style={
        Object {
          "color": "rgb(66, 133, 60)",
        }
      }
    />
  </Styled(Text)>
  <Styled(Text)>
    19 minutes ago
  </Styled(Text)>
</Styled(View)>
`;
